[36mvite v5.4.21 [32mbuilding for production...[36m[39m
transforming...
[32m✓[39m 415 modules transformed.
rendering chunks...
computing gzip size...
[2mdist/[22m[32mindex.html                 [39m[1m[2m  0.81 kB[22m[1m[22m[2m │ gzip:   0.51 kB[22m
[2mdist/[22m[35massets/index-BcgAzSKm.css  [39m[1m[2m 42.17 kB[22m[1m[22m[2m │ gzip:   7.85 kB[22m
[2mdist/[22m[36massets/index-uNmSmT9q.js   [39m[1m[2m399.60 kB[22m[1m[22m[2m │ gzip: 128.07 kB[22m
[32m✓ built in 5.61s[39m
